127.0.0.1 - - [22/Jan/2016:10:33:14 -0500] "GET / HTTP/1.1" 404 994
0:0:0:0:0:0:0:1 - - [22/Jan/2016:10:33:16 -0500] "GET /MavenNoelSpringMVC/ HTTP/1.1" 200 309
0:0:0:0:0:0:0:1 - - [22/Jan/2016:10:33:33 -0500] "GET /MavenNoelSpringMVC/ HTTP/1.1" 200 309
0:0:0:0:0:0:0:1 - - [22/Jan/2016:10:33:46 -0500] "GET /MavenNoelSpringMVC/login HTTP/1.1" 404 992
0:0:0:0:0:0:0:1 - - [22/Jan/2016:10:34:04 -0500] "GET /MavenNoelSpringMVC/login/table HTTP/1.1" 404 992
0:0:0:0:0:0:0:1 - - [22/Jan/2016:10:34:14 -0500] "GET /MavenNoelSpringMVC/login/table HTTP/1.1" 404 992
0:0:0:0:0:0:0:1 - - [22/Jan/2016:10:34:23 -0500] "GET /MavenNoelSpringMVC/login/table/ HTTP/1.1" 404 992
0:0:0:0:0:0:0:1 - - [22/Jan/2016:10:36:33 -0500] "GET /MavenNoelSpringMVC/ HTTP/1.1" 200 309
0:0:0:0:0:0:0:1 - - [22/Jan/2016:10:36:45 -0500] "GET /MavenNoelSpringMVC/login/table HTTP/1.1" 404 992
0:0:0:0:0:0:0:1 - - [22/Jan/2016:10:38:23 -0500] "GET /MavenNoelSpringMVC/login/helloMethod HTTP/1.1" 404 992
0:0:0:0:0:0:0:1 - - [22/Jan/2016:10:38:52 -0500] "GET /MavenNoelSpringMVC/ HTTP/1.1" 200 309
127.0.0.1 - - [22/Jan/2016:14:13:48 -0500] "GET / HTTP/1.1" 404 994
0:0:0:0:0:0:0:1 - - [22/Jan/2016:14:13:50 -0500] "GET /MavenNoelSpringMVC_1.2/ HTTP/1.1" 200 309
0:0:0:0:0:0:0:1 - - [22/Jan/2016:14:14:01 -0500] "GET /MavenNoelSpringMVC_1.2/ HTTP/1.1" 200 309
0:0:0:0:0:0:0:1 - - [22/Jan/2016:14:14:15 -0500] "GET /MavenNoelSpringMVC_1.2/login/table/two HTTP/1.1" 400 1011
0:0:0:0:0:0:0:1 - - [22/Jan/2016:14:14:26 -0500] "GET /MavenNoelSpringMVC_1.2/login/table/ HTTP/1.1" 200 9248
0:0:0:0:0:0:0:1 - - [22/Jan/2016:14:14:30 -0500] "GET /MavenNoelSpringMVC_1.2/login/table/4 HTTP/1.1" 200 4618
0:0:0:0:0:0:0:1 - - [22/Jan/2016:14:14:56 -0500] "GET /MavenNoelSpringMVC_1.2/login/table/5 HTTP/1.1" 200 4619
0:0:0:0:0:0:0:1 - - [22/Jan/2016:14:16:31 -0500] "GET /MavenNoelSpringMVC_1.2/login/table/ppp HTTP/1.1" 400 1011
0:0:0:0:0:0:0:1 - - [22/Jan/2016:14:20:42 -0500] "GET /MavenNoelSpringMVC_1.2/login/table/5 HTTP/1.1" 200 4625
0:0:0:0:0:0:0:1 - - [22/Jan/2016:14:20:48 -0500] "GET /MavenNoelSpringMVC_1.2/login/table/';; HTTP/1.1" 400 1011
127.0.0.1 - - [22/Jan/2016:14:21:41 -0500] "GET / HTTP/1.1" 404 994
0:0:0:0:0:0:0:1 - - [22/Jan/2016:14:21:51 -0500] "GET /MavenNoelSpringMVC_1.2/login/table/';; HTTP/1.1" 400 1011
0:0:0:0:0:0:0:1 - - [22/Jan/2016:14:21:57 -0500] "GET /MavenNoelSpringMVC_1.2/login/table/ HTTP/1.1" 200 9254
0:0:0:0:0:0:0:1 - - [22/Jan/2016:14:22:01 -0500] "GET /MavenNoelSpringMVC_1.2/login/table/6 HTTP/1.1" 200 4625
0:0:0:0:0:0:0:1 - - [22/Jan/2016:14:22:06 -0500] "GET /MavenNoelSpringMVC_1.2/login/table/[pp HTTP/1.1" 400 1011
0:0:0:0:0:0:0:1 - - [22/Jan/2016:14:26:52 -0500] "GET /MavenNoelSpringMVC_1.2/login/table/[pp HTTP/1.1" 400 1011
127.0.0.1 - - [22/Jan/2016:14:27:10 -0500] "GET / HTTP/1.1" 404 994
0:0:0:0:0:0:0:1 - - [22/Jan/2016:14:27:16 -0500] "GET /MavenNoelSpringMVC_1.2/login/table/[pp HTTP/1.1" 400 1011
0:0:0:0:0:0:0:1 - - [22/Jan/2016:14:27:24 -0500] "GET /MavenNoelSpringMVC_1.2/login/table HTTP/1.1" 200 9254
0:0:0:0:0:0:0:1 - - [22/Jan/2016:14:27:28 -0500] "GET /MavenNoelSpringMVC_1.2/login/table/5 HTTP/1.1" 200 4625
0:0:0:0:0:0:0:1 - - [22/Jan/2016:14:27:36 -0500] "GET /MavenNoelSpringMVC_1.2/login/table/5 HTTP/1.1" 200 4625
0:0:0:0:0:0:0:1 - - [22/Jan/2016:14:27:42 -0500] "GET /MavenNoelSpringMVC_1.2/login/table/opoo HTTP/1.1" 400 1011
127.0.0.1 - - [22/Jan/2016:14:43:44 -0500] "GET / HTTP/1.1" 404 994
0:0:0:0:0:0:0:1 - - [22/Jan/2016:14:44:38 -0500] "GET /MavenNoelSpringMVC_1.2/login/table/ HTTP/1.1" 200 9318
0:0:0:0:0:0:0:1 - - [22/Jan/2016:14:47:10 -0500] "GET /MavenNoelSpringMVC_1.2/login/table/uu HTTP/1.1" 400 1011
0:0:0:0:0:0:0:1 - - [22/Jan/2016:14:47:26 -0500] "GET /MavenNoelSpringMVC_1.2/login/table/ HTTP/1.1" 200 9318
0:0:0:0:0:0:0:1 - - [22/Jan/2016:14:47:32 -0500] "GET /MavenNoelSpringMVC_1.2/login/table/9 HTTP/1.1" 200 4690
0:0:0:0:0:0:0:1 - - [22/Jan/2016:14:47:38 -0500] "GET /MavenNoelSpringMVC_1.2/login/table/12 HTTP/1.1" 200 4694
127.0.0.1 - - [22/Jan/2016:14:50:03 -0500] "GET / HTTP/1.1" 404 994
0:0:0:0:0:0:0:1 - - [22/Jan/2016:14:50:13 -0500] "GET /MavenNoelSpringMVC_1.2/login/table/12 HTTP/1.1" 200 4727
127.0.0.1 - - [22/Jan/2016:14:51:26 -0500] "GET / HTTP/1.1" 404 994
0:0:0:0:0:0:0:1 - - [22/Jan/2016:14:51:31 -0500] "GET /MavenNoelSpringMVC_1.2/login/table/12 HTTP/1.1" 200 4718
0:0:0:0:0:0:0:1 - - [22/Jan/2016:14:52:42 -0500] "GET /MavenNoelSpringMVC_1.2/login/table/oooo HTTP/1.1" 400 1011
127.0.0.1 - - [22/Jan/2016:14:55:28 -0500] "GET / HTTP/1.1" 404 994
0:0:0:0:0:0:0:1 - - [22/Jan/2016:14:55:42 -0500] "GET /MavenNoelSpringMVC_1.2/login/table/ HTTP/1.1" 200 9342
0:0:0:0:0:0:0:1 - - [22/Jan/2016:14:55:46 -0500] "GET /MavenNoelSpringMVC_1.2/login/table/4 HTTP/1.1" 200 331
127.0.0.1 - - [22/Jan/2016:14:57:35 -0500] "GET / HTTP/1.1" 404 994
0:0:0:0:0:0:0:1 - - [22/Jan/2016:14:57:44 -0500] "GET /MavenNoelSpringMVC_1.2/login/table/4 HTTP/1.1" 200 4712
0:0:0:0:0:0:0:1 - - [22/Jan/2016:14:57:50 -0500] "GET /MavenNoelSpringMVC_1.2/login/table/oooo HTTP/1.1" 400 1011
0:0:0:0:0:0:0:1 - - [22/Jan/2016:14:58:20 -0500] "GET /MavenNoelSpringMVC_1.2/login/table/4 HTTP/1.1" 200 4712
127.0.0.1 - - [22/Jan/2016:15:01:12 -0500] "GET / HTTP/1.1" 404 994
0:0:0:0:0:0:0:1 - - [22/Jan/2016:15:01:59 -0500] "GET /MavenNoelSpringMVC_1.2/login/table/4 HTTP/1.1" 200 4856
0:0:0:0:0:0:0:1 - - [22/Jan/2016:15:02:38 -0500] "GET /MavenNoelSpringMVC_1.2/login/table/5 HTTP/1.1" 200 4857
127.0.0.1 - - [22/Jan/2016:15:03:22 -0500] "GET / HTTP/1.1" 404 994
0:0:0:0:0:0:0:1 - - [22/Jan/2016:15:03:41 -0500] "GET /MavenNoelSpringMVC_1.2/login/table/5 HTTP/1.1" 200 5313
0:0:0:0:0:0:0:1 - - [22/Jan/2016:15:04:02 -0500] "GET /MavenNoelSpringMVC_1.2/login/table/3 HTTP/1.1" 200 5311
127.0.0.1 - - [22/Jan/2016:15:04:59 -0500] "GET / HTTP/1.1" 404 994
0:0:0:0:0:0:0:1 - - [22/Jan/2016:15:05:29 -0500] "GET /MavenNoelSpringMVC_1.2/login/table/ HTTP/1.1" 200 16621
127.0.0.1 - - [22/Jan/2016:15:07:09 -0500] "GET / HTTP/1.1" 404 994
0:0:0:0:0:0:0:1 - - [22/Jan/2016:15:07:21 -0500] "GET /MavenNoelSpringMVC_1.2/login/table/ HTTP/1.1" 200 16549
0:0:0:0:0:0:0:1 - - [22/Jan/2016:15:07:25 -0500] "GET /MavenNoelSpringMVC_1.2/login/table/8 HTTP/1.1" 200 5313
127.0.0.1 - - [22/Jan/2016:15:11:13 -0500] "GET / HTTP/1.1" 404 994
0:0:0:0:0:0:0:1 - - [22/Jan/2016:15:11:20 -0500] "GET /MavenNoelSpringMVC_1.2/login/table/8 HTTP/1.1" 200 5390
0:0:0:0:0:0:0:1 - - [22/Jan/2016:15:11:25 -0500] "GET /MavenNoelSpringMVC_1.2/login/table/5 HTTP/1.1" 200 5390
127.0.0.1 - - [22/Jan/2016:15:12:48 -0500] "GET / HTTP/1.1" 404 994
0:0:0:0:0:0:0:1 - - [22/Jan/2016:15:13:10 -0500] "GET /MavenNoelSpringMVC_1.2/login/table/5 HTTP/1.1" 200 5390
0:0:0:0:0:0:0:1 - - [22/Jan/2016:15:13:15 -0500] "GET /MavenNoelSpringMVC_1.2/login/table/5 HTTP/1.1" 200 5390
0:0:0:0:0:0:0:1 - - [22/Jan/2016:15:13:19 -0500] "GET /MavenNoelSpringMVC_1.2/login/table/5 HTTP/1.1" 200 5390
0:0:0:0:0:0:0:1 - - [22/Jan/2016:15:13:25 -0500] "GET /MavenNoelSpringMVC_1.2/login/table/5 HTTP/1.1" 200 5390
0:0:0:0:0:0:0:1 - - [22/Jan/2016:15:13:33 -0500] "GET /MavenNoelSpringMVC_1.2/login/table/ HTTP/1.1" 200 16626
127.0.0.1 - - [22/Jan/2016:15:14:11 -0500] "GET / HTTP/1.1" 404 994
0:0:0:0:0:0:0:1 - - [22/Jan/2016:15:14:18 -0500] "GET /MavenNoelSpringMVC_1.2/login/table/ HTTP/1.1" 200 16611
0:0:0:0:0:0:0:1 - - [22/Jan/2016:15:14:28 -0500] "GET /MavenNoelSpringMVC_1.2/login/table/4 HTTP/1.1" 200 5374
127.0.0.1 - - [22/Jan/2016:15:15:40 -0500] "GET / HTTP/1.1" 404 994
0:0:0:0:0:0:0:1 - - [22/Jan/2016:15:15:59 -0500] "GET /MavenNoelSpringMVC_1.2/login/table/4 HTTP/1.1" 200 5372
127.0.0.1 - - [22/Jan/2016:15:19:15 -0500] "GET / HTTP/1.1" 404 994
0:0:0:0:0:0:0:1 - - [22/Jan/2016:15:19:24 -0500] "GET /MavenNoelSpringMVC_1.2/login/table/4 HTTP/1.1" 200 5408
0:0:0:0:0:0:0:1 - - [22/Jan/2016:15:19:29 -0500] "GET /MavenNoelSpringMVC_1.2/login/table/7 HTTP/1.1" 200 5409
127.0.0.1 - - [22/Jan/2016:15:20:39 -0500] "GET / HTTP/1.1" 404 994
0:0:0:0:0:0:0:1 - - [22/Jan/2016:15:20:48 -0500] "GET /MavenNoelSpringMVC_1.2/login/table/7 HTTP/1.1" 200 5396
0:0:0:0:0:0:0:1 - - [22/Jan/2016:15:20:53 -0500] "GET /MavenNoelSpringMVC_1.2/login/table/10 HTTP/1.1" 200 5400
127.0.0.1 - - [22/Jan/2016:15:21:26 -0500] "GET / HTTP/1.1" 404 994
0:0:0:0:0:0:0:1 - - [22/Jan/2016:15:21:43 -0500] "GET /MavenNoelSpringMVC_1.2/login/table/10 HTTP/1.1" 200 5394
127.0.0.1 - - [22/Jan/2016:15:23:05 -0500] "GET / HTTP/1.1" 404 994
0:0:0:0:0:0:0:1 - - [22/Jan/2016:15:23:12 -0500] "GET /MavenNoelSpringMVC_1.2/login/table/10 HTTP/1.1" 200 5394
0:0:0:0:0:0:0:1 - - [22/Jan/2016:15:23:17 -0500] "GET /MavenNoelSpringMVC_1.2/login/table/12 HTTP/1.1" 200 5395
127.0.0.1 - - [22/Jan/2016:15:32:03 -0500] "GET / HTTP/1.1" 404 994
0:0:0:0:0:0:0:1 - - [22/Jan/2016:15:32:10 -0500] "GET /MavenNoelSpringMVC_1.2/login/table/12 HTTP/1.1" 200 5421
0:0:0:0:0:0:0:1 - - [22/Jan/2016:15:32:14 -0500] "GET /MavenNoelSpringMVC_1.2/login/table/12 HTTP/1.1" 200 5421
0:0:0:0:0:0:0:1 - - [22/Jan/2016:15:32:19 -0500] "GET /MavenNoelSpringMVC_1.2/login/table/ HTTP/1.1" 200 16652
0:0:0:0:0:0:0:1 - - [22/Jan/2016:15:32:24 -0500] "GET /MavenNoelSpringMVC_1.2/login/table/5 HTTP/1.1" 200 5416
127.0.0.1 - - [22/Jan/2016:15:33:35 -0500] "GET / HTTP/1.1" 404 994
0:0:0:0:0:0:0:1 - - [22/Jan/2016:15:33:45 -0500] "GET /MavenNoelSpringMVC_1.2/login/table/5 HTTP/1.1" 200 5410
0:0:0:0:0:0:0:1 - - [22/Jan/2016:15:33:52 -0500] "GET /MavenNoelSpringMVC_1.2/login/table/10 HTTP/1.1" 200 5414
127.0.0.1 - - [22/Jan/2016:15:34:29 -0500] "GET / HTTP/1.1" 404 994
0:0:0:0:0:0:0:1 - - [22/Jan/2016:15:34:35 -0500] "GET /MavenNoelSpringMVC_1.2/login/table/10 HTTP/1.1" 200 5415
0:0:0:0:0:0:0:1 - - [22/Jan/2016:15:35:05 -0500] "GET /MavenNoelSpringMVC_1.2/login/table/11 HTTP/1.1" 200 5415
127.0.0.1 - - [22/Jan/2016:15:36:12 -0500] "GET / HTTP/1.1" 404 994
0:0:0:0:0:0:0:1 - - [22/Jan/2016:15:36:17 -0500] "GET /MavenNoelSpringMVC_1.2/login/table/11 HTTP/1.1" 200 5428
0:0:0:0:0:0:0:1 - - [22/Jan/2016:15:36:26 -0500] "GET /MavenNoelSpringMVC_1.2/login/table/11 HTTP/1.1" 200 5428
127.0.0.1 - - [22/Jan/2016:16:09:18 -0500] "GET / HTTP/1.1" 404 994
0:0:0:0:0:0:0:1 - - [22/Jan/2016:16:09:25 -0500] "GET /MavenNoelSpringMVC_1.2/login/table/11 HTTP/1.1" 200 5793
127.0.0.1 - - [22/Jan/2016:16:18:31 -0500] "GET / HTTP/1.1" 404 994
0:0:0:0:0:0:0:1 - - [22/Jan/2016:16:18:38 -0500] "GET /MavenNoelSpringMVC_1.2/login/table/11 HTTP/1.1" 200 4420
0:0:0:0:0:0:0:1 - - [22/Jan/2016:16:18:45 -0500] "GET /MavenNoelSpringMVC_1.2/login/table/ HTTP/1.1" 200 4420
127.0.0.1 - - [22/Jan/2016:16:21:08 -0500] "GET / HTTP/1.1" 404 994
0:0:0:0:0:0:0:1 - - [22/Jan/2016:16:21:15 -0500] "GET /MavenNoelSpringMVC_1.2/login/table/ HTTP/1.1" 200 10429
0:0:0:0:0:0:0:1 - - [22/Jan/2016:16:21:25 -0500] "GET /MavenNoelSpringMVC_1.2/login/table/10 HTTP/1.1" 200 5540
127.0.0.1 - - [22/Jan/2016:16:23:04 -0500] "GET / HTTP/1.1" 404 994
0:0:0:0:0:0:0:1 - - [22/Jan/2016:16:23:10 -0500] "GET /MavenNoelSpringMVC_1.2/login/table/10 HTTP/1.1" 200 5624
0:0:0:0:0:0:0:1 - - [22/Jan/2016:16:26:21 -0500] "GET /MavenNoelSpringMVC_1.2/login/table/ HTTP/1.1" 200 11293
127.0.0.1 - - [22/Jan/2016:16:27:59 -0500] "GET / HTTP/1.1" 404 994
0:0:0:0:0:0:0:1 - - [22/Jan/2016:16:28:03 -0500] "GET /MavenNoelSpringMVC_1.2/login/table/ HTTP/1.1" 200 12590
0:0:0:0:0:0:0:1 - - [22/Jan/2016:16:28:10 -0500] "GET /MavenNoelSpringMVC_1.2/login/table/ HTTP/1.1" 200 12590
0:0:0:0:0:0:0:1 - - [22/Jan/2016:16:28:20 -0500] "GET /MavenNoelSpringMVC_1.2/login/table/4 HTTP/1.1" 200 5715
